[0m13:53:18.188614 [debug] [MainThread]: Sending event: {'category': 'dbt', 'action': 'invocation', 'label': 'start', 'context': [<snowplow_tracker.self_describing_json.SelfDescribingJson object at 0x7aaf3cf98590>, <snowplow_tracker.self_describing_json.SelfDescribingJson object at 0x7aaf3ec9c050>, <snowplow_tracker.self_describing_json.SelfDescribingJson object at 0x7aaf3c05fc50>]}


============================== 13:53:18.230468 | ebf53772-2ead-43a9-9dd6-f04f77e0a65a ==============================
[0m13:53:18.230468 [info ] [MainThread]: Running with dbt=1.11.7
[0m13:53:18.231363 [debug] [MainThread]: running dbt with arguments {'quiet': 'False', 'write_json': 'True', 'warn_error_options': 'WarnErrorOptionsV2(error=[], warn=[], silence=[])', 'use_colors': 'True', 'printer_width': '80', 'no_print': 'None', 'target_path': 'None', 'log_format': 'default', 'empty': 'None', 'log_cache_events': 'False', 'static_parser': 'True', 'warn_error': 'None', 'log_path': 'logs', 'invocation_command': 'dbt init portfolio-analytics', 'debug': 'False', 'cache_selected_only': 'False', 'fail_fast': 'False', 'indirect_selection': 'eager', 'introspect': 'True', 'partial_parse': 'True', 'send_anonymous_usage_stats': 'True', 'use_experimental_parser': 'False', 'version_check': 'True', 'profiles_dir': '/home/lenny/.dbt'}
[0m13:53:18.278926 [info ] [MainThread]: Creating dbt configuration folder at /home/lenny/.dbt
[0m13:54:40.391897 [error] [MainThread]: Encountered an error:

[0m13:54:40.901138 [error] [MainThread]: Traceback (most recent call last):
  File "/storage/local-git-repos/multi-asset-portfolio-analytics-pipeline/analytics-pipeline-venv/lib/python3.13/site-packages/dbt/cli/requires.py", line 182, in wrapper
    result, success = func(*args, **kwargs)
                      ~~~~^^^^^^^^^^^^^^^^^
  File "/storage/local-git-repos/multi-asset-portfolio-analytics-pipeline/analytics-pipeline-venv/lib/python3.13/site-packages/dbt/cli/requires.py", line 128, in wrapper
    return func(*args, **kwargs)
  File "/storage/local-git-repos/multi-asset-portfolio-analytics-pipeline/analytics-pipeline-venv/lib/python3.13/site-packages/dbt/cli/main.py", line 483, in init
    results = task.run()
  File "/storage/local-git-repos/multi-asset-portfolio-analytics-pipeline/analytics-pipeline-venv/lib/python3.13/site-packages/dbt/task/init.py", line 324, in run
    project_name = self.get_valid_project_name()
  File "/storage/local-git-repos/multi-asset-portfolio-analytics-pipeline/analytics-pipeline-venv/lib/python3.13/site-packages/dbt/task/init.py", line 278, in get_valid_project_name
    name = click.prompt("Enter a name for your project (letters, digits, underscore)")
  File "/storage/local-git-repos/multi-asset-portfolio-analytics-pipeline/analytics-pipeline-venv/lib/python3.13/site-packages/click/termui.py", line 171, in prompt
    value = prompt_func(prompt)
  File "/storage/local-git-repos/multi-asset-portfolio-analytics-pipeline/analytics-pipeline-venv/lib/python3.13/site-packages/click/termui.py", line 154, in prompt_func
    raise Abort() from None
click.exceptions.Abort

[0m13:54:40.908401 [debug] [MainThread]: Resource report: {"command_name": "init", "command_success": false, "command_wall_clock_time": 82.8042, "process_in_blocks": "31968", "process_kernel_time": 0.21859, "process_mem_max_rss": "102852", "process_out_blocks": "208", "process_user_time": 2.054549}
[0m13:54:40.910125 [debug] [MainThread]: Command `dbt init` failed at 13:54:40.909909 after 82.81 seconds
[0m13:54:40.910922 [debug] [MainThread]: Sending event: {'category': 'dbt', 'action': 'invocation', 'label': 'end', 'context': [<snowplow_tracker.self_describing_json.SelfDescribingJson object at 0x7aaf3c089220>, <snowplow_tracker.self_describing_json.SelfDescribingJson object at 0x7aaf3c106330>, <snowplow_tracker.self_describing_json.SelfDescribingJson object at 0x7aaf3c0e4f30>]}
[0m13:54:40.911677 [debug] [MainThread]: Flushing usage events
[0m13:54:41.891640 [debug] [MainThread]: An error was encountered while trying to flush usage events
[0m13:55:30.682589 [debug] [MainThread]: Sending event: {'category': 'dbt', 'action': 'invocation', 'label': 'start', 'context': [<snowplow_tracker.self_describing_json.SelfDescribingJson object at 0x735904c9c590>, <snowplow_tracker.self_describing_json.SelfDescribingJson object at 0x735906a54050>, <snowplow_tracker.self_describing_json.SelfDescribingJson object at 0x735903d63c50>]}


============================== 13:55:30.690954 | f8912360-4172-4bb7-89ce-513b14a42d2d ==============================
[0m13:55:30.690954 [info ] [MainThread]: Running with dbt=1.11.7
[0m13:55:30.693423 [debug] [MainThread]: running dbt with arguments {'debug': 'False', 'log_cache_events': 'False', 'fail_fast': 'False', 'send_anonymous_usage_stats': 'True', 'quiet': 'False', 'cache_selected_only': 'False', 'invocation_command': 'dbt init portfolio_analytics', 'warn_error_options': 'WarnErrorOptionsV2(error=[], warn=[], silence=[])', 'static_parser': 'True', 'version_check': 'True', 'log_path': 'logs', 'use_experimental_parser': 'False', 'target_path': 'None', 'log_format': 'default', 'warn_error': 'None', 'profiles_dir': '/home/lenny/.dbt', 'empty': 'None', 'introspect': 'True', 'partial_parse': 'True', 'no_print': 'None', 'printer_width': '80', 'indirect_selection': 'eager', 'write_json': 'True', 'use_colors': 'True'}
[0m13:55:30.709536 [debug] [MainThread]: Starter project path: /storage/local-git-repos/multi-asset-portfolio-analytics-pipeline/analytics-pipeline-venv/lib/python3.13/site-packages/dbt/include/starter_project
[0m13:55:30.712707 [info ] [MainThread]: 
Your new dbt project "portfolio_analytics" was created!

For more information on how to configure the profiles.yml file,
please consult the dbt documentation here:

  https://docs.getdbt.com/docs/configure-your-profile

One more thing:

Need help? Don't hesitate to reach out to us via GitHub issues or on Slack:

  https://community.getdbt.com/

Happy modeling!

[0m13:55:30.713482 [info ] [MainThread]: Setting up your profile.
[0m14:04:55.274187 [info ] [MainThread]: Profile portfolio_analytics written to /home/lenny/.dbt/profiles.yml using target's profile_template.yml and your supplied values. Run 'dbt debug' to validate the connection.
[0m14:04:55.277160 [debug] [MainThread]: Resource report: {"command_name": "init", "command_success": true, "command_wall_clock_time": 564.68066, "process_in_blocks": "22448", "process_kernel_time": 0.178201, "process_mem_max_rss": "107404", "process_out_blocks": "312", "process_user_time": 1.964789}
[0m14:04:55.278038 [debug] [MainThread]: Command `dbt init` succeeded at 14:04:55.277896 after 564.68 seconds
[0m14:04:55.278548 [debug] [MainThread]: Sending event: {'category': 'dbt', 'action': 'invocation', 'label': 'end', 'context': [<snowplow_tracker.self_describing_json.SelfDescribingJson object at 0x735903cf82b0>, <snowplow_tracker.self_describing_json.SelfDescribingJson object at 0x7359051e8b90>, <snowplow_tracker.self_describing_json.SelfDescribingJson object at 0x735903def790>]}
[0m14:04:55.279088 [debug] [MainThread]: Flushing usage events
[0m14:04:56.708734 [debug] [MainThread]: An error was encountered while trying to flush usage events
