[32m2026-04-09 14:57:45 +0300[0m - dagster - [34mDEBUG[0m - dbt_build_job - 208943ae-6360-4895-898c-cba5a768240d - 558426 - LOGS_CAPTURED - Started capturing logs in process (pid: 558426).
[32m2026-04-09 14:57:45 +0300[0m - dagster - [34mDEBUG[0m - dbt_build_job - 208943ae-6360-4895-898c-cba5a768240d - 558426 - portfolio_dbt_assets - STEP_START - Started execution of step "portfolio_dbt_assets".
[32m2026-04-09 14:57:46 +0300[0m - dagster - [34mINFO[0m - dbt_build_job - 208943ae-6360-4895-898c-cba5a768240d - portfolio_dbt_assets - A dbt subsetted execution is not being performed. Using the default dbt selection arguments `['--select', 'fqn:*']`.
[32m2026-04-09 14:57:53 +0300[0m - dagster - [34mWARNING[0m - dbt_build_job - 208943ae-6360-4895-898c-cba5a768240d - portfolio_dbt_assets - An error was encountered when creating a handle to the dbt adapter in Dagster.
Traceback (most recent call last):
  File "/storage/local-git-repos/multi-asset-portfolio-analytics-pipeline/analytics-pipeline-venv/lib/python3.13/site-packages/dagster_dbt/core/resource.py", line 700, in cli
    adapter = self._initialize_dbt_core_adapter(args)
  File "/storage/local-git-repos/multi-asset-portfolio-analytics-pipeline/analytics-pipeline-venv/lib/python3.13/site-packages/dagster_dbt/core/resource.py", line 381, in _initialize_dbt_core_adapter
    profile = load_profile(self.project_dir, cli_vars, self.profile, self.target)
  File "/storage/local-git-repos/multi-asset-portfolio-analytics-pipeline/analytics-pipeline-venv/lib/python3.13/site-packages/dbt/config/runtime.py", line 79, in load_profile
    profile = Profile.render(
        profile_renderer, profile_name, profile_name_override, target_override, threads_override
    )
  File "/storage/local-git-repos/multi-asset-portfolio-analytics-pipeline/analytics-pipeline-venv/lib/python3.13/site-packages/dbt/config/profile.py", line 404, in render
    return cls.from_raw_profiles(
           ~~~~~~~~~~~~~~~~~~~~~^
        raw_profiles=raw_profiles,
        ^^^^^^^^^^^^^^^^^^^^^^^^^^
    ...<3 lines>...
        threads_override=threads_override,
        ^^^^^^^^^^^^^^^^^^^^^^^^^^^^^^^^^^
    )
    ^
  File "/storage/local-git-repos/multi-asset-portfolio-analytics-pipeline/analytics-pipeline-venv/lib/python3.13/site-packages/dbt/config/profile.py", line 370, in from_raw_profiles
    return cls.from_raw_profile_info(
           ~~~~~~~~~~~~~~~~~~~~~~~~~^
        raw_profile=raw_profile,
        ^^^^^^^^^^^^^^^^^^^^^^^^
    ...<3 lines>...
        threads_override=threads_override,
        ^^^^^^^^^^^^^^^^^^^^^^^^^^^^^^^^^^
    )
    ^
  File "/storage/local-git-repos/multi-asset-portfolio-analytics-pipeline/analytics-pipeline-venv/lib/python3.13/site-packages/dbt/config/profile.py", line 316, in from_raw_profile_info
    target_name, profile_data = cls.render_profile(
                                ~~~~~~~~~~~~~~~~~~^
        raw_profile, profile_name, target_override, renderer
        ^^^^^^^^^^^^^^^^^^^^^^^^^^^^^^^^^^^^^^^^^^^^^^^^^^^^
    )
    ^
  File "/storage/local-git-repos/multi-asset-portfolio-analytics-pipeline/analytics-pipeline-venv/lib/python3.13/site-packages/dbt/config/profile.py", line 285, in render_profile
    profile_data = renderer.render_data(raw_profile_data)
  File "/storage/local-git-repos/multi-asset-portfolio-analytics-pipeline/analytics-pipeline-venv/lib/python3.13/site-packages/dbt/config/renderer.py", line 52, in render_data
    return deep_map_render(self.render_entry, data)
  File "/storage/local-git-repos/multi-asset-portfolio-analytics-pipeline/analytics-pipeline-venv/lib/python3.13/site-packages/dbt_common/utils/dict.py", line 129, in deep_map_render
    return _deep_map_render(func, value, ())
  File "/storage/local-git-repos/multi-asset-portfolio-analytics-pipeline/analytics-pipeline-venv/lib/python3.13/site-packages/dbt_common/utils/dict.py", line 94, in _deep_map_render
    ret = {k: _deep_map_render(func, v, (keypath + (str(k),))) for k, v in value.items()}
              ~~~~~~~~~~~~~~~~^^^^^^^^^^^^^^^^^^^^^^^^^^^^^^^^
  File "/storage/local-git-repos/multi-asset-portfolio-analytics-pipeline/analytics-pipeline-venv/lib/python3.13/site-packages/dbt_common/utils/dict.py", line 96, in _deep_map_render
    ret = func(value, keypath)
  File "/storage/local-git-repos/multi-asset-portfolio-analytics-pipeline/analytics-pipeline-venv/lib/python3.13/site-packages/dbt/config/renderer.py", line 36, in render_entry
    return self.render_value(value, keypath)
           ~~~~~~~~~~~~~~~~~^^^^^^^^^^^^^^^^
  File "/storage/local-git-repos/multi-asset-portfolio-analytics-pipeline/analytics-pipeline-venv/lib/python3.13/site-packages/dbt/config/renderer.py", line 214, in render_value
    raise ex
  File "/storage/local-git-repos/multi-asset-portfolio-analytics-pipeline/analytics-pipeline-venv/lib/python3.13/site-packages/dbt/config/renderer.py", line 207, in render_value
    rendered = super().render_value(value, keypath)
  File "/storage/local-git-repos/multi-asset-portfolio-analytics-pipeline/analytics-pipeline-venv/lib/python3.13/site-packages/dbt/config/renderer.py", line 45, in render_value
    return get_rendered(value, self.context, native=True)
  File "/storage/local-git-repos/multi-asset-portfolio-analytics-pipeline/analytics-pipeline-venv/lib/python3.13/site-packages/dbt/clients/jinja.py", line 144, in get_rendered
    rendered = render_template(template, ctx, node)
  File "/storage/local-git-repos/multi-asset-portfolio-analytics-pipeline/analytics-pipeline-venv/lib/python3.13/site-packages/dbt_common/clients/jinja.py", line 651, in render_template
    return template.render(ctx)
           ~~~~~~~~~~~~~~~^^^^^
  File "/storage/local-git-repos/multi-asset-portfolio-analytics-pipeline/analytics-pipeline-venv/lib/python3.13/site-packages/dbt_common/clients/jinja.py", line 320, in render
    return self.environment.handle_exception()
           ~~~~~~~~~~~~~~~~~~~~~~~~~~~~~~~~~^^
  File "/storage/local-git-repos/multi-asset-portfolio-analytics-pipeline/analytics-pipeline-venv/lib/python3.13/site-packages/jinja2/environment.py", line 942, in handle_exception
    raise rewrite_traceback_stack(source=source)
  File "/storage/local-git-repos/multi-asset-portfolio-analytics-pipeline/analytics-pipeline-venv/lib/python3.13/site-packages/dbt_common/clients/jinja.py", line 276, in quoted_native_concat
    head = list(islice(nodes, 2))
  File "<template>", line 1, in top-level template code
  File "/storage/local-git-repos/multi-asset-portfolio-analytics-pipeline/analytics-pipeline-venv/lib/python3.13/site-packages/jinja2/sandbox.py", line 401, in call
    return __context.call(__obj, *args, **kwargs)
           ~~~~~~~~~~~~~~^^^^^^^^^^^^^^^^^^^^^^^^
  File "/storage/local-git-repos/multi-asset-portfolio-analytics-pipeline/analytics-pipeline-venv/lib/python3.13/site-packages/dbt/context/secret.py", line 52, in env_var
    raise EnvVarMissingError(var)
dbt.exceptions.EnvVarMissingError: Parsing Error
  Env var required but not provided: 'POSTGRES_USER'
[32m2026-04-09 14:57:53 +0300[0m - dagster - [34mINFO[0m - dbt_build_job - 208943ae-6360-4895-898c-cba5a768240d - portfolio_dbt_assets - Copying `/storage/local-git-repos/multi-asset-portfolio-analytics-pipeline/portfolio_analytics/target/partial_parse.msgpack` to `/storage/local-git-repos/multi-asset-portfolio-analytics-pipeline/portfolio_analytics/target/portfolio_dbt_assets-208943a-e33d645/partial_parse.msgpack` to take advantage of partial parsing.
[32m2026-04-09 14:57:54 +0300[0m - dagster - [34mINFO[0m - dbt_build_job - 208943ae-6360-4895-898c-cba5a768240d - portfolio_dbt_assets - Running dbt command: `dbt build --select fqn:*`.
[32m2026-04-09 14:57:57 +0300[0m - dagster - [34mINFO[0m - dbt_build_job - 208943ae-6360-4895-898c-cba5a768240d - portfolio_dbt_assets - Finished dbt command: `dbt build --select fqn:*`.
[32m2026-04-09 14:57:57 +0300[0m - dagster - [34mERROR[0m - [31mdbt_build_job - 208943ae-6360-4895-898c-cba5a768240d - 558426 - portfolio_dbt_assets - STEP_FAILURE - Execution of step "portfolio_dbt_assets" failed.

dagster_dbt.errors.DagsterDbtCliRuntimeError: The dbt CLI process with command

`dbt build --select fqn:*`

failed with exit code `2`. Check the stdout in the Dagster compute logs for the full information about the error, or view the dbt debug log: /storage/local-git-repos/multi-asset-portfolio-analytics-pipeline/portfolio_analytics/target/portfolio_dbt_assets-208943a-e33d645/dbt.log.

Errors parsed from dbt logs:

Encountered an error:
Parsing Error
  Env var required but not provided: 'POSTGRES_USER'

Stack Trace:
  File "/storage/local-git-repos/multi-asset-portfolio-analytics-pipeline/analytics-pipeline-venv/lib/python3.13/site-packages/dagster/_core/execution/plan/execute_plan.py", line 247, in dagster_event_sequence_for_step
    yield from check.generator(step_events)
  File "/storage/local-git-repos/multi-asset-portfolio-analytics-pipeline/analytics-pipeline-venv/lib/python3.13/site-packages/dagster/_core/execution/plan/execute_step.py", line 505, in core_dagster_event_sequence_for_step
    for user_event in _step_output_error_checked_user_event_sequence(
                      ~~~~~~~~~~~~~~~~~~~~~~~~~~~~~~~~~~~~~~~~~~~~~~^
        step_context,
        ^^^^^^^^^^^^^
        _process_asset_results_to_events(step_context, user_event_sequence),
        ^^^^^^^^^^^^^^^^^^^^^^^^^^^^^^^^^^^^^^^^^^^^^^^^^^^^^^^^^^^^^^^^^^^^
    ):
    ^
  File "/storage/local-git-repos/multi-asset-portfolio-analytics-pipeline/analytics-pipeline-venv/lib/python3.13/site-packages/dagster/_core/execution/plan/execute_step.py", line 184, in _step_output_error_checked_user_event_sequence
    for user_event in user_event_sequence:
                      ^^^^^^^^^^^^^^^^^^^
  File "/storage/local-git-repos/multi-asset-portfolio-analytics-pipeline/analytics-pipeline-venv/lib/python3.13/site-packages/dagster/_core/execution/plan/execute_step.py", line 88, in _process_asset_results_to_events
    for user_event in user_event_sequence:
                      ^^^^^^^^^^^^^^^^^^^
  File "/storage/local-git-repos/multi-asset-portfolio-analytics-pipeline/analytics-pipeline-venv/lib/python3.13/site-packages/dagster/_core/execution/plan/compute.py", line 188, in execute_core_compute
    for step_output in _yield_compute_results(step_context, inputs, compute_fn, compute_context):
                       ~~~~~~~~~~~~~~~~~~~~~~^^^^^^^^^^^^^^^^^^^^^^^^^^^^^^^^^^^^^^^^^^^^^^^^^^^
  File "/storage/local-git-repos/multi-asset-portfolio-analytics-pipeline/analytics-pipeline-venv/lib/python3.13/site-packages/dagster/_core/execution/plan/compute.py", line 157, in _yield_compute_results
    for event in iterate_with_context(
                 ~~~~~~~~~~~~~~~~~~~~^
        lambda: op_execution_error_boundary(
        ^^^^^^^^^^^^^^^^^^^^^^^^^^^^^^^^^^^^
    ...<7 lines>...
        user_event_generator,
        ^^^^^^^^^^^^^^^^^^^^^
    ):
    ^
  File "/storage/local-git-repos/multi-asset-portfolio-analytics-pipeline/analytics-pipeline-venv/lib/python3.13/site-packages/dagster/_utils/__init__.py", line 394, in iterate_with_context
    next_output = next(iterator)
  File "/storage/local-git-repos/multi-asset-portfolio-analytics-pipeline/dagster_orchestration/__init__.py", line 43, in portfolio_dbt_assets
    yield from dbt.cli(["build"], context=context).stream()
  File "/storage/local-git-repos/multi-asset-portfolio-analytics-pipeline/analytics-pipeline-venv/lib/python3.13/site-packages/dagster_dbt/core/dbt_event_iterator.py", line 215, in __next__
    return next(self._inner_iterator)
  File "/storage/local-git-repos/multi-asset-portfolio-analytics-pipeline/analytics-pipeline-venv/lib/python3.13/site-packages/dagster_dbt/core/dbt_cli_invocation.py", line 286, in _stream_asset_events
    for event in self.stream_raw_events():
                 ~~~~~~~~~~~~~~~~~~~~~~^^
  File "/storage/local-git-repos/multi-asset-portfolio-analytics-pipeline/analytics-pipeline-venv/lib/python3.13/site-packages/dagster_dbt/core/dbt_cli_invocation.py", line 379, in stream_raw_events
    self._raise_on_error()
    ~~~~~~~~~~~~~~~~~~~~^^
  File "/storage/local-git-repos/multi-asset-portfolio-analytics-pipeline/analytics-pipeline-venv/lib/python3.13/site-packages/dagster_dbt/core/dbt_cli_invocation.py", line 470, in _raise_on_error
    raise error
[0m
